// Vitest Snapshot v1, https://vitest.dev/guide/snapshot.html

exports[`components > N8nRecycleScroller > renders multiple elements with some pre-selected 1`] = `
"<div>
  <div class="pillContainer"><span class="pillCell" data-test-id="pill-list-pill-propB"> + Add a propB</span><span class="pillCell" data-test-id="pill-list-pill-propC"> + Add a propC</span></div>
  <div class="slotComboContainer" data-test-id="pill-list-slot-propA"><button class="button button tertiary mini text withIcon square slotRemoveIcon slotRemoveIcon" aria-live="polite" data-test-id="pill-list-remove-slot-propA"><span class="icon"><span class="n8n-text compact size-xsmall regular n8n-icon n8n-icon"><!----></span></span>
      <!--v-if-->
    </button>
    <div class="slotContainer">Empty slot with v-bind: {"name":"propA","defaultValue":""}</div>
  </div>
</div>"
`;

exports[`components > N8nRecycleScroller > renders when empty 1`] = `
"<div>
  <div class="pillContainer"></div>
</div>"
`;
