// Vitest Snapshot v1

exports[`components > N8nSelect > should render correctly 1`] = `
"<div class=\\"n8n-select container\\">
  <!--v-if-->
  <el-select autocomplete=\\"off\\" automaticdropdown=\\"false\\" size=\\"large\\" effect=\\"light\\" disabled=\\"false\\" clearable=\\"false\\" filterable=\\"false\\" allowcreate=\\"false\\" loading=\\"false\\" popperoptions=\\"[object Object]\\" remote=\\"false\\" multiple=\\"false\\" multiplelimit=\\"0\\" defaultfirstoption=\\"false\\" reservekeyword=\\"true\\" valuekey=\\"value\\" collapsetags=\\"false\\" collapsetagstooltip=\\"false\\" maxcollapsetags=\\"1\\" teleported=\\"true\\" persistent=\\"true\\" clearicon=\\"[object Object]\\" fitinputwidth=\\"false\\" suffixicon=\\"[object Object]\\" tagtype=\\"info\\" validateevent=\\"true\\" remoteshowsuffix=\\"false\\" suffixtransition=\\"true\\" placement=\\"bottom-start\\" popperappendtobody=\\"false\\" limitpopperwidth=\\"false\\" class=\\"\\">
    <n8n-option value=\\"1\\">1</n8n-option>
    <n8n-option value=\\"2\\">2</n8n-option>
    <n8n-option value=\\"3\\">3</n8n-option>
  </el-select>
</div>"
`;
