// Vitest Snapshot v1, https://vitest.dev/guide/snapshot.html

exports[`components > N8nDatatable > should render correctly 1`] = `
"<div class="datatable datatableWrapper">
  <table class="datatable">
    <thead class="datatableHeader">
      <tr>
        <th class="">ID</th>
        <th class="">Name</th>
        <th class="">Age</th>
        <th class="">Action</th>
      </tr>
    </thead>
    <tbody>
      <tr>
        <td class=""><span>1</span></td>
        <td class=""><span>Richard Hendricks</span></td>
        <td class=""><span>29</span></td>
        <td class="">
          <n8n-button-stub block="false" element="button" label="" square="false" active="false" disabled="false" loading="false" outline="false" size="medium" text="false" type="primary" column="[object Object]"></n8n-button-stub>
        </td>
      </tr>
      <tr>
        <td class=""><span>2</span></td>
        <td class=""><span>Bertram Gilfoyle</span></td>
        <td class=""><span>44</span></td>
        <td class="">
          <n8n-button-stub block="false" element="button" label="" square="false" active="false" disabled="false" loading="false" outline="false" size="medium" text="false" type="primary" column="[object Object]"></n8n-button-stub>
        </td>
      </tr>
      <tr>
        <td class=""><span>3</span></td>
        <td class=""><span>Dinesh Chugtai</span></td>
        <td class=""><span>31</span></td>
        <td class="">
          <n8n-button-stub block="false" element="button" label="" square="false" active="false" disabled="false" loading="false" outline="false" size="medium" text="false" type="primary" column="[object Object]"></n8n-button-stub>
        </td>
      </tr>
      <tr>
        <td class=""><span>4</span></td>
        <td class=""><span>Jared Dunn </span></td>
        <td class=""><span>38</span></td>
        <td class="">
          <n8n-button-stub block="false" element="button" label="" square="false" active="false" disabled="false" loading="false" outline="false" size="medium" text="false" type="primary" column="[object Object]"></n8n-button-stub>
        </td>
      </tr>
      <tr>
        <td class=""><span>5</span></td>
        <td class=""><span>Richard Hendricks</span></td>
        <td class=""><span>29</span></td>
        <td class="">
          <n8n-button-stub block="false" element="button" label="" square="false" active="false" disabled="false" loading="false" outline="false" size="medium" text="false" type="primary" column="[object Object]"></n8n-button-stub>
        </td>
      </tr>
      <tr>
        <td class=""><span>6</span></td>
        <td class=""><span>Bertram Gilfoyle</span></td>
        <td class=""><span>44</span></td>
        <td class="">
          <n8n-button-stub block="false" element="button" label="" square="false" active="false" disabled="false" loading="false" outline="false" size="medium" text="false" type="primary" column="[object Object]"></n8n-button-stub>
        </td>
      </tr>
      <tr>
        <td class=""><span>7</span></td>
        <td class=""><span>Dinesh Chugtai</span></td>
        <td class=""><span>31</span></td>
        <td class="">
          <n8n-button-stub block="false" element="button" label="" square="false" active="false" disabled="false" loading="false" outline="false" size="medium" text="false" type="primary" column="[object Object]"></n8n-button-stub>
        </td>
      </tr>
      <tr>
        <td class=""><span>8</span></td>
        <td class=""><span>Jared Dunn </span></td>
        <td class=""><span>38</span></td>
        <td class="">
          <n8n-button-stub block="false" element="button" label="" square="false" active="false" disabled="false" loading="false" outline="false" size="medium" text="false" type="primary" column="[object Object]"></n8n-button-stub>
        </td>
      </tr>
      <tr>
        <td class=""><span>9</span></td>
        <td class=""><span>Richard Hendricks</span></td>
        <td class=""><span>29</span></td>
        <td class="">
          <n8n-button-stub block="false" element="button" label="" square="false" active="false" disabled="false" loading="false" outline="false" size="medium" text="false" type="primary" column="[object Object]"></n8n-button-stub>
        </td>
      </tr>
      <tr>
        <td class=""><span>10</span></td>
        <td class=""><span>Bertram Gilfoyle</span></td>
        <td class=""><span>44</span></td>
        <td class="">
          <n8n-button-stub block="false" element="button" label="" square="false" active="false" disabled="false" loading="false" outline="false" size="medium" text="false" type="primary" column="[object Object]"></n8n-button-stub>
        </td>
      </tr>
    </tbody>
  </table>
  <div class="pagination">
    <n8n-pagination-stub pagercount="5" pagesize="10" total="15" currentpage="1" small="false" background="true" disabled="false" hideonsinglepage="false" layout="prev, pager, next"></n8n-pagination-stub>
    <div class="pageSizeSelector">
      <n8n-select-stub modelvalue="10" size="mini" allowcreate="false" automaticdropdown="false" clearable="false" collapsetags="false" collapsetagstooltip="false" defaultfirstoption="false" disabled="false" filterable="false" loading="false" multiple="false" reservekeyword="false" teleported="true" persistent="false" remote="false" scrollbaralwayson="false" validateevent="false"></n8n-select-stub>
    </div>
  </div>
</div>"
`;
