// Vitest Snapshot v1, https://vitest.dev/guide/snapshot.html

exports[`N8nInfoTip > should render correctly as note 1`] = `"<div class="n8n-info-tip infoTip info note bold"><span class="iconText"><span class="n8n-text compact size-medium regular n8n-icon n8n-icon"><!----></span><span>Need help doing something?<a href="/docs" target="_blank">Open docs</a></span></span></div>"`;

exports[`N8nInfoTip > should render correctly as tooltip 1`] = `
"<div class="n8n-info-tip infoTip info tooltip bold">
  <n8n-tooltip-stub placement="top" popperclass="tooltipPopper" content="" justifybuttons="flex-end" buttons="" showarrow="false" disabled="false" virtualtriggering="false" open="false" rawcontent="false" persistent="false" teleported="false" enterable="false" pure="false" focusonshow="false" trapping="false" stoppoppermouseevent="false" gpuacceleration="false" showafter="0" class=""></n8n-tooltip-stub>
</div>"
`;
