// Vitest Snapshot v1

exports[`components > N8nBadge > props > should render default theme correctly 1`] = `"<span class=\\"n8n-badge default\\"><span class=\\"n8n-text compact size-large bold\\"><n8n-text>Default badge</n8n-text></span></span>"`;

exports[`components > N8nBadge > props > should render secondary theme correctly 1`] = `"<span class=\\"n8n-badge secondary\\"><span class=\\"n8n-text compact size-medium regular\\"><n8n-text>Secondary badge</n8n-text></span></span>"`;

exports[`components > N8nBadge > props > should render with default values correctly 1`] = `"<span class=\\"n8n-badge default\\"><span class=\\"n8n-text compact size-small regular\\"><n8n-text>A Badge</n8n-text></span></span>"`;
