// Vitest Snapshot v1

exports[`N8NActionBox > should render correctly 1`] = `
"<div class=\\"n8n-action-box container\\" data-test-id=\\"action-box\\">
  <div class=\\"emoji\\">ðŸ˜¿</div>
  <div class=\\"heading\\"><span class=\\"n8n-heading align-center size-xlarge regular\\">Headline you need to know</span></div>
  <div class=\\"description\\"><span class=\\"n8n-text text-base size-medium regular\\"><span>Long description that you should know something is the way it is because of how it is. </span></span></div><button class=\\"button button primary large\\" aria-live=\\"polite\\">
    <!--v-if--><span>Do something</span>
  </button>
  <!--v-if-->
</div>"
`;
